// Jest Snapshot v1, https://goo.gl/fbAQLP

exports[`VariationButton Function VariationButton render properly according to the snapshot 1`] = `
<View
  accessible={true}
  focusable={true}
  onClick={[Function]}
  onResponderGrant={[Function]}
  onResponderMove={[Function]}
  onResponderRelease={[Function]}
  onResponderTerminate={[Function]}
  onResponderTerminationRequest={[Function]}
  onStartShouldSetResponder={[Function]}
  style={
    Object {
      "backgroundColor": "blue",
      "borderRadius": 10,
      "height": 50,
      "opacity": 1,
      "width": "85%",
    }
  }
>
  <View
    style={
      Object {
        "alignItems": "center",
        "flex": 1,
        "justifyContent": "center",
      }
    }
  >
    <Text
      style={
        Object {
          "color": "white",
          "padding": 10,
        }
      }
    >
      Button
    </Text>
  </View>
</View>
`;
