// Jest Snapshot v1, https://goo.gl/fbAQLP

exports[`VariationButton Function VariationButton render properly according to the snapshot 1`] = `
<View
  accessible={true}
  activeOpacity={0.5}
  focusable={true}
  onClick={[Function]}
  onLayout={[Function]}
  onResponderGrant={[Function]}
  onResponderMove={[Function]}
  onResponderRelease={[Function]}
  onResponderTerminate={[Function]}
  onResponderTerminationRequest={[Function]}
  onStartShouldSetResponder={[Function]}
  pointerEvents="box-only"
  style={
    Object {
      "backgroundColor": "blue",
      "borderRadius": 10,
      "height": 50,
      "width": "85%",
    }
  }
  testID="variation-button"
>
  <View
    style={
      Object {
        "alignItems": "center",
        "flex": 1,
        "justifyContent": "center",
      }
    }
  >
    <Text
      style={
        Object {
          "color": "white",
          "padding": 10,
        }
      }
    >
      Button
    </Text>
  </View>
  <View
    style={
      Array [
        Object {
          "backgroundColor": "transparent",
          "bottom": 0,
          "left": 0,
          "overflow": "hidden",
          "position": "absolute",
          "right": 0,
          "top": 0,
        },
        Object {
          "borderRadius": 0,
        },
      ]
    }
  />
</View>
`;
