// Jest Snapshot v1, https://goo.gl/fbAQLP

exports[`AddTodo component test InputText render properly according to the snapshot 1`] = `
<View
  style={
    Object {
      "flex": 1,
    }
  }
>
  <View
    style={
      Object {
        "margin": 20,
      }
    }
  >
    <Text
      numberOfLines={0}
      style={
        Object {
          "color": "#404040",
          "fontSize": 22,
          "fontWeight": "bold",
          "textAlign": "right",
        }
      }
      testID="welcome-text"
    >
      Welcome, 
      
    </Text>
  </View>
  <View
    style={
      Object {
        "alignItems": "center",
        "flex": 1,
        "justifyContent": "center",
        "marginVertical": 50,
      }
    }
  >
    <View
      accessible={true}
      focusable={true}
      onClick={[Function]}
      onResponderGrant={[Function]}
      onResponderMove={[Function]}
      onResponderRelease={[Function]}
      onResponderTerminate={[Function]}
      onResponderTerminationRequest={[Function]}
      onStartShouldSetResponder={[Function]}
      style={
        Object {
          "opacity": 1,
          "width": "85%",
        }
      }
      testID="submit-button"
    >
      <View
        style={
          Array [
            Object {
              "elevation": 4,
              "shadowColor": "#404040",
              "shadowOffset": Object {
                "height": 2,
                "width": 0,
              },
              "shadowOpacity": 0.5,
              "shadowRadius": 10,
            },
            Object {
              "alignItems": "center",
              "backgroundColor": "#3498DB",
              "borderRadius": 10,
              "height": 50,
              "justifyContent": "center",
              "marginVertical": 10,
            },
          ]
        }
      >
        <Text
          style={
            Object {
              "color": "white",
              "fontSize": 18,
              "fontWeight": "bold",
            }
          }
        >
          GO TO BUTTON VARIATION
        </Text>
      </View>
    </View>
    <View
      accessible={true}
      focusable={true}
      onClick={[Function]}
      onResponderGrant={[Function]}
      onResponderMove={[Function]}
      onResponderRelease={[Function]}
      onResponderTerminate={[Function]}
      onResponderTerminationRequest={[Function]}
      onStartShouldSetResponder={[Function]}
      style={
        Object {
          "opacity": 1,
          "width": "85%",
        }
      }
      testID="submit-button"
    >
      <View
        style={
          Array [
            Object {
              "elevation": 4,
              "shadowColor": "#404040",
              "shadowOffset": Object {
                "height": 2,
                "width": 0,
              },
              "shadowOpacity": 0.5,
              "shadowRadius": 10,
            },
            Object {
              "alignItems": "center",
              "backgroundColor": "#3498DB",
              "borderRadius": 10,
              "height": 50,
              "justifyContent": "center",
              "marginVertical": 10,
            },
          ]
        }
      >
        <Text
          style={
            Object {
              "color": "white",
              "fontSize": 18,
              "fontWeight": "bold",
            }
          }
        >
          CHECK RUNNING DEVICE
        </Text>
      </View>
    </View>
  </View>
</View>
`;
